digraph {
	subgraph cluster_main {
		label="main()";
		rankdir="TB";
		main_0 [label="START", shape="rectangle", style="rounded"];
		main_2 [label="x := 42\n", shape="rectangle", style="rounded"];
		main_3 [label="y := 30\n", shape="rectangle", style="rounded"];
		main_4 [label="y2 := 5\n", shape="rectangle", style="rounded"];
		main_5 [label="z := y - y2\n", shape="rectangle", style="rounded"];
		main_6 [label="b := x < z\n", shape="rectangle", style="rounded"];
		main_7 [label="if b", shape="rectangle", style="rounded"];
		main_8 [label="print x\n", shape="rectangle", style="rounded"];
		main_10 [label="print y\n", shape="rectangle", style="rounded"];

		main_0 -> main_2;
		main_2 -> main_3;
		main_3 -> main_4;
		main_4 -> main_5;
		main_5 -> main_6;
		main_6 -> main_7;
		main_7 -> main_8 [label="T"];
		main_7 -> main_10 [label="F"];
	}
}
