digraph {
	subgraph cluster_main {
		label="main(n: int)";
		rankdir="TB";
		main_0 [label="START", shape="rectangle", style="rounded"];
		main_2 [label="v2 := 1\n", shape="rectangle", style="rounded"];
		main_3 [label="i := v2\n", shape="rectangle", style="rounded"];
		main_4 [label="v3 := i\n", shape="rectangle", style="rounded"];
		main_5 [label="v4 := n\n", shape="rectangle", style="rounded"];
		main_6 [label="v5 := v3 < v4\n", shape="rectangle", style="rounded"];
		main_7 [label="if v5", shape="rectangle", style="rounded"];
		main_8 [label="v6 := i\n", shape="rectangle", style="rounded"];
		main_9 [label="isPrime := checkPrime(v6)\n", shape="rectangle", style="rounded"];
		main_10 [label="isPrime := isPrime\n", shape="rectangle", style="rounded"];
		main_11 [label="v8 := isPrime\n", shape="rectangle", style="rounded"];
		main_12 [label="if v8", shape="rectangle", style="rounded"];
		main_13 [label="v9 := 1\n", shape="rectangle", style="rounded"];
		main_14 [label="print v9\n", shape="rectangle", style="rounded"];
		main_15 [label="v10 := 0\n", shape="rectangle", style="rounded"];
		main_17 [label="v11 := 0\n", shape="rectangle", style="rounded"];
		main_18 [label="print v11\n", shape="rectangle", style="rounded"];
		main_19 [label="v12 := 0\n", shape="rectangle", style="rounded"];
		main_20 [label="v13 := i\n", shape="rectangle", style="rounded"];
		main_21 [label="v14 := 1\n", shape="rectangle", style="rounded"];
		main_22 [label="v15 := v13 + v14\n", shape="rectangle", style="rounded"];
		main_23 [label="i := v15\n", shape="rectangle", style="rounded"];

		main_0 -> main_2;
		main_2 -> main_3;
		main_3 -> main_4;
		main_4 -> main_5;
		main_5 -> main_6;
		main_6 -> main_7;
		main_7 -> main_8 [label="T"];
		main_8 -> main_9;
		main_9 -> main_10;
		main_10 -> main_11;
		main_11 -> main_12;
		main_12 -> main_13 [label="T"];
		main_12 -> main_17 [label="F"];
		main_13 -> main_14;
		main_14 -> main_15;
		main_15 -> main_20;
		main_17 -> main_18;
		main_18 -> main_19;
		main_19 -> main_20;
		main_20 -> main_21;
		main_21 -> main_22;
		main_22 -> main_23;
		main_23 -> main_4;
	}
	subgraph cluster_checkPrime {
		label="checkPrime(x: int)";
		rankdir="TB";
		checkPrime_0 [label="START", shape="rectangle", style="rounded"];
		checkPrime_2 [label="v1 := x\n", shape="rectangle", style="rounded"];
		checkPrime_3 [label="v2 := 1\n", shape="rectangle", style="rounded"];
		checkPrime_4 [label="v3 := v1 <= v2\n", shape="rectangle", style="rounded"];
		checkPrime_5 [label="if v3", shape="rectangle", style="rounded"];
		checkPrime_6 [label="v4 := false\n", shape="rectangle", style="rounded"];
		checkPrime_7 [label="return v4", shape="rectangle", style="rounded"];
		checkPrime_8 [label="v6 := 2\n", shape="rectangle", style="rounded"];
		checkPrime_9 [label="i := v6\n", shape="rectangle", style="rounded"];
		checkPrime_10 [label="v7 := i\n", shape="rectangle", style="rounded"];
		checkPrime_11 [label="v8 := x\n", shape="rectangle", style="rounded"];
		checkPrime_12 [label="v9 := v7 < v8\n", shape="rectangle", style="rounded"];
		checkPrime_13 [label="if v9", shape="rectangle", style="rounded"];
		checkPrime_14 [label="v10 := x\n", shape="rectangle", style="rounded"];
		checkPrime_15 [label="v11 := i\n", shape="rectangle", style="rounded"];
		checkPrime_16 [label="v12 := v10 / v11\n", shape="rectangle", style="rounded"];
		checkPrime_17 [label="div := v12\n", shape="rectangle", style="rounded"];
		checkPrime_18 [label="v13 := div\n", shape="rectangle", style="rounded"];
		checkPrime_19 [label="v14 := i\n", shape="rectangle", style="rounded"];
		checkPrime_20 [label="v15 := v13 * v14\n", shape="rectangle", style="rounded"];
		checkPrime_21 [label="v16 := x\n", shape="rectangle", style="rounded"];
		checkPrime_22 [label="v17 := v15 == v16\n", shape="rectangle", style="rounded"];
		checkPrime_23 [label="isDivisible := v17\n", shape="rectangle", style="rounded"];
		checkPrime_24 [label="v19 := isDivisible\n", shape="rectangle", style="rounded"];
		checkPrime_25 [label="if v19", shape="rectangle", style="rounded"];
		checkPrime_26 [label="v20 := false\n", shape="rectangle", style="rounded"];
		checkPrime_27 [label="return v20", shape="rectangle", style="rounded"];
		checkPrime_28 [label="v21 := i\n", shape="rectangle", style="rounded"];
		checkPrime_29 [label="v22 := 1\n", shape="rectangle", style="rounded"];
		checkPrime_30 [label="v23 := v21 + v22\n", shape="rectangle", style="rounded"];
		checkPrime_31 [label="i := v23\n", shape="rectangle", style="rounded"];
		checkPrime_33 [label="v24 := true\n", shape="rectangle", style="rounded"];
		checkPrime_34 [label="return v24", shape="rectangle", style="rounded"];

		checkPrime_0 -> checkPrime_2;
		checkPrime_2 -> checkPrime_3;
		checkPrime_3 -> checkPrime_4;
		checkPrime_4 -> checkPrime_5;
		checkPrime_5 -> checkPrime_6 [label="T"];
		checkPrime_5 -> checkPrime_8 [label="F"];
		checkPrime_6 -> checkPrime_7;
		checkPrime_8 -> checkPrime_9;
		checkPrime_9 -> checkPrime_10;
		checkPrime_10 -> checkPrime_11;
		checkPrime_11 -> checkPrime_12;
		checkPrime_12 -> checkPrime_13;
		checkPrime_13 -> checkPrime_14 [label="T"];
		checkPrime_13 -> checkPrime_33 [label="F"];
		checkPrime_14 -> checkPrime_15;
		checkPrime_15 -> checkPrime_16;
		checkPrime_16 -> checkPrime_17;
		checkPrime_17 -> checkPrime_18;
		checkPrime_18 -> checkPrime_19;
		checkPrime_19 -> checkPrime_20;
		checkPrime_20 -> checkPrime_21;
		checkPrime_21 -> checkPrime_22;
		checkPrime_22 -> checkPrime_23;
		checkPrime_23 -> checkPrime_24;
		checkPrime_24 -> checkPrime_25;
		checkPrime_25 -> checkPrime_26 [label="T"];
		checkPrime_25 -> checkPrime_28 [label="F"];
		checkPrime_26 -> checkPrime_27;
		checkPrime_28 -> checkPrime_29;
		checkPrime_29 -> checkPrime_30;
		checkPrime_30 -> checkPrime_31;
		checkPrime_31 -> checkPrime_10;
		checkPrime_33 -> checkPrime_34;
	}
}
