digraph {
	subgraph cluster_main {
		label="main()";
		rankdir="TB";
		main_0 [label="START", shape="rectangle", style="rounded"];
		main_2 [label="v0 := 23789216\n", shape="rectangle", style="rounded"];
		main_3 [label="x := v0\n", shape="rectangle", style="rounded"];
		main_4 [label="v1 := 1748698766\n", shape="rectangle", style="rounded"];
		main_5 [label="y := v1\n", shape="rectangle", style="rounded"];
		main_6 [label="v2 := x\n", shape="rectangle", style="rounded"];
		main_7 [label="v3 := y\n", shape="rectangle", style="rounded"];
		main_8 [label="f := gcd(v2, v3)\n", shape="rectangle", style="rounded"];
		main_9 [label="f := f\n", shape="rectangle", style="rounded"];
		main_10 [label="v4 := f\n", shape="rectangle", style="rounded"];
		main_11 [label="print v4\n", shape="rectangle", style="rounded"];
		main_12 [label="v5 := 0\n", shape="rectangle", style="rounded"];

		main_0 -> main_2;
		main_2 -> main_3;
		main_3 -> main_4;
		main_4 -> main_5;
		main_5 -> main_6;
		main_6 -> main_7;
		main_7 -> main_8;
		main_8 -> main_9;
		main_9 -> main_10;
		main_10 -> main_11;
		main_11 -> main_12;
	}
	subgraph cluster_mod {
		label="mod(r: int, s: int)";
		rankdir="TB";
		mod_0 [label="START", shape="rectangle", style="rounded"];
		mod_2 [label="v0 := r\n", shape="rectangle", style="rounded"];
		mod_3 [label="v1 := r\n", shape="rectangle", style="rounded"];
		mod_4 [label="v2 := s\n", shape="rectangle", style="rounded"];
		mod_5 [label="v3 := v1 / v2\n", shape="rectangle", style="rounded"];
		mod_6 [label="v4 := s\n", shape="rectangle", style="rounded"];
		mod_7 [label="v5 := v3 * v4\n", shape="rectangle", style="rounded"];
		mod_8 [label="v6 := v0 - v5\n", shape="rectangle", style="rounded"];
		mod_9 [label="result := v6\n", shape="rectangle", style="rounded"];
		mod_10 [label="v7 := result\n", shape="rectangle", style="rounded"];
		mod_11 [label="return v7", shape="rectangle", style="rounded"];

		mod_0 -> mod_2;
		mod_2 -> mod_3;
		mod_3 -> mod_4;
		mod_4 -> mod_5;
		mod_5 -> mod_6;
		mod_6 -> mod_7;
		mod_7 -> mod_8;
		mod_8 -> mod_9;
		mod_9 -> mod_10;
		mod_10 -> mod_11;
	}
	subgraph cluster_gcd {
		label="gcd(a: int, b: int)";
		rankdir="TB";
		gcd_0 [label="START", shape="rectangle", style="rounded"];
		gcd_2 [label="v0 := 0\n", shape="rectangle", style="rounded"];
		gcd_3 [label="zero := v0\n", shape="rectangle", style="rounded"];
		gcd_4 [label="v1 := b\n", shape="rectangle", style="rounded"];
		gcd_5 [label="v2 := zero\n", shape="rectangle", style="rounded"];
		gcd_6 [label="v3 := v1 == v2\n", shape="rectangle", style="rounded"];
		gcd_7 [label="cond_temp := v3\n", shape="rectangle", style="rounded"];
		gcd_8 [label="v4 := !cond_temp\n", shape="rectangle", style="rounded"];
		gcd_9 [label="cond := v4\n", shape="rectangle", style="rounded"];
		gcd_10 [label="v6 := cond\n", shape="rectangle", style="rounded"];
		gcd_11 [label="if v6", shape="rectangle", style="rounded"];
		gcd_12 [label="v7 := b\n", shape="rectangle", style="rounded"];
		gcd_13 [label="temp := v7\n", shape="rectangle", style="rounded"];
		gcd_14 [label="v8 := a\n", shape="rectangle", style="rounded"];
		gcd_15 [label="v9 := b\n", shape="rectangle", style="rounded"];
		gcd_16 [label="v10 := mod(v8, v9)\n", shape="rectangle", style="rounded"];
		gcd_17 [label="b := v10\n", shape="rectangle", style="rounded"];
		gcd_18 [label="v11 := temp\n", shape="rectangle", style="rounded"];
		gcd_19 [label="a := v11\n", shape="rectangle", style="rounded"];
		gcd_20 [label="v12 := b\n", shape="rectangle", style="rounded"];
		gcd_21 [label="v13 := zero\n", shape="rectangle", style="rounded"];
		gcd_22 [label="v14 := v12 == v13\n", shape="rectangle", style="rounded"];
		gcd_23 [label="cond_temp := v14\n", shape="rectangle", style="rounded"];
		gcd_24 [label="v15 := !cond_temp\n", shape="rectangle", style="rounded"];
		gcd_25 [label="cond := v15\n", shape="rectangle", style="rounded"];
		gcd_27 [label="v16 := a\n", shape="rectangle", style="rounded"];
		gcd_28 [label="return v16", shape="rectangle", style="rounded"];

		gcd_0 -> gcd_2;
		gcd_2 -> gcd_3;
		gcd_3 -> gcd_4;
		gcd_4 -> gcd_5;
		gcd_5 -> gcd_6;
		gcd_6 -> gcd_7;
		gcd_7 -> gcd_8;
		gcd_8 -> gcd_9;
		gcd_9 -> gcd_10;
		gcd_10 -> gcd_11;
		gcd_11 -> gcd_12 [label="T"];
		gcd_11 -> gcd_27 [label="F"];
		gcd_12 -> gcd_13;
		gcd_13 -> gcd_14;
		gcd_14 -> gcd_15;
		gcd_15 -> gcd_16;
		gcd_16 -> gcd_17;
		gcd_17 -> gcd_18;
		gcd_18 -> gcd_19;
		gcd_19 -> gcd_20;
		gcd_20 -> gcd_21;
		gcd_21 -> gcd_22;
		gcd_22 -> gcd_23;
		gcd_23 -> gcd_24;
		gcd_24 -> gcd_25;
		gcd_25 -> gcd_10;
		gcd_27 -> gcd_28;
	}
}
