digraph {
	subgraph cluster_main {
		label="main()";
		rankdir="TB";
		main_0 [label="START", shape="rectangle", style="rounded"];
		main_3 [label="x := 10\n", shape="rectangle", style="rounded"];
		main_4 [label="print x\n", shape="rectangle", style="rounded"];

		main_0 -> main_3;
		main_3 -> main_4;
	}
}
