digraph {
	subgraph cluster_main {
		label="main()";
		rankdir="TB";
		main_0 [label="START", shape="rectangle", style="rounded"];
		main_5 [label="x := 42\n", shape="rectangle", style="rounded"];
		main_7 [label="print x\n", shape="rectangle", style="rounded"];

		main_0 -> main_5;
		main_5 -> main_7;
	}
}
