digraph {
	subgraph cluster_sumOfSquares {
		label="sumOfSquares(n: int)";
		rankdir="TB";
		sumOfSquares_0 [label="START", shape="rectangle", style="rounded"];
		sumOfSquares_2 [label="v0 := 0", shape="rectangle", style="rounded"];
		sumOfSquares_3 [label="res := v0", shape="rectangle", style="rounded"];
		sumOfSquares_4 [label="v2 := 1", shape="rectangle", style="rounded"];
		sumOfSquares_5 [label="i := v2", shape="rectangle", style="rounded"];
		sumOfSquares_6 [label="v3 := i", shape="rectangle", style="rounded"];
		sumOfSquares_7 [label="v4 := n", shape="rectangle", style="rounded"];
		sumOfSquares_8 [label="v5 := v3 <= v4", shape="rectangle", style="rounded"];
		sumOfSquares_9 [label="if v5", shape="rectangle", style="rounded"];
		sumOfSquares_10 [label="v6 := i", shape="rectangle", style="rounded"];
		sumOfSquares_11 [label="v7 := i", shape="rectangle", style="rounded"];
		sumOfSquares_12 [label="v8 := v6 * v7", shape="rectangle", style="rounded"];
		sumOfSquares_13 [label="sq := v8", shape="rectangle", style="rounded"];
		sumOfSquares_14 [label="v9 := res", shape="rectangle", style="rounded"];
		sumOfSquares_15 [label="v10 := sq", shape="rectangle", style="rounded"];
		sumOfSquares_16 [label="v11 := v9 + v10", shape="rectangle", style="rounded"];
		sumOfSquares_17 [label="res := v11", shape="rectangle", style="rounded"];
		sumOfSquares_18 [label="v12 := i", shape="rectangle", style="rounded"];
		sumOfSquares_19 [label="v13 := 1", shape="rectangle", style="rounded"];
		sumOfSquares_20 [label="v14 := v12 + v13", shape="rectangle", style="rounded"];
		sumOfSquares_21 [label="i := v14", shape="rectangle", style="rounded"];
		sumOfSquares_23 [label="v15 := res", shape="rectangle", style="rounded"];
		sumOfSquares_24 [label="return v15", shape="rectangle", style="rounded"];

		sumOfSquares_0 -> sumOfSquares_2;
		sumOfSquares_2 -> sumOfSquares_3;
		sumOfSquares_3 -> sumOfSquares_4;
		sumOfSquares_4 -> sumOfSquares_5;
		sumOfSquares_5 -> sumOfSquares_6;
		sumOfSquares_6 -> sumOfSquares_7;
		sumOfSquares_7 -> sumOfSquares_8;
		sumOfSquares_8 -> sumOfSquares_9;
		sumOfSquares_9 -> sumOfSquares_10 [label="T"];
		sumOfSquares_9 -> sumOfSquares_23 [label="F"];
		sumOfSquares_10 -> sumOfSquares_11;
		sumOfSquares_11 -> sumOfSquares_12;
		sumOfSquares_12 -> sumOfSquares_13;
		sumOfSquares_13 -> sumOfSquares_14;
		sumOfSquares_14 -> sumOfSquares_15;
		sumOfSquares_15 -> sumOfSquares_16;
		sumOfSquares_16 -> sumOfSquares_17;
		sumOfSquares_17 -> sumOfSquares_18;
		sumOfSquares_18 -> sumOfSquares_19;
		sumOfSquares_19 -> sumOfSquares_20;
		sumOfSquares_20 -> sumOfSquares_21;
		sumOfSquares_21 -> sumOfSquares_6;
		sumOfSquares_23 -> sumOfSquares_24;
	}
	subgraph cluster_squareOfSum {
		label="squareOfSum(n: int)";
		rankdir="TB";
		squareOfSum_0 [label="START", shape="rectangle", style="rounded"];
		squareOfSum_2 [label="v0 := 0", shape="rectangle", style="rounded"];
		squareOfSum_3 [label="res := v0", shape="rectangle", style="rounded"];
		squareOfSum_4 [label="v2 := 1", shape="rectangle", style="rounded"];
		squareOfSum_5 [label="i := v2", shape="rectangle", style="rounded"];
		squareOfSum_6 [label="v3 := i", shape="rectangle", style="rounded"];
		squareOfSum_7 [label="v4 := n", shape="rectangle", style="rounded"];
		squareOfSum_8 [label="v5 := v3 <= v4", shape="rectangle", style="rounded"];
		squareOfSum_9 [label="if v5", shape="rectangle", style="rounded"];
		squareOfSum_10 [label="v6 := res", shape="rectangle", style="rounded"];
		squareOfSum_11 [label="v7 := i", shape="rectangle", style="rounded"];
		squareOfSum_12 [label="v8 := v6 + v7", shape="rectangle", style="rounded"];
		squareOfSum_13 [label="res := v8", shape="rectangle", style="rounded"];
		squareOfSum_14 [label="v9 := i", shape="rectangle", style="rounded"];
		squareOfSum_15 [label="v10 := 1", shape="rectangle", style="rounded"];
		squareOfSum_16 [label="v11 := v9 + v10", shape="rectangle", style="rounded"];
		squareOfSum_17 [label="i := v11", shape="rectangle", style="rounded"];
		squareOfSum_19 [label="v12 := res", shape="rectangle", style="rounded"];
		squareOfSum_20 [label="v13 := res", shape="rectangle", style="rounded"];
		squareOfSum_21 [label="v14 := v12 * v13", shape="rectangle", style="rounded"];
		squareOfSum_22 [label="square := v14", shape="rectangle", style="rounded"];
		squareOfSum_23 [label="v15 := square", shape="rectangle", style="rounded"];
		squareOfSum_24 [label="return v15", shape="rectangle", style="rounded"];

		squareOfSum_0 -> squareOfSum_2;
		squareOfSum_2 -> squareOfSum_3;
		squareOfSum_3 -> squareOfSum_4;
		squareOfSum_4 -> squareOfSum_5;
		squareOfSum_5 -> squareOfSum_6;
		squareOfSum_6 -> squareOfSum_7;
		squareOfSum_7 -> squareOfSum_8;
		squareOfSum_8 -> squareOfSum_9;
		squareOfSum_9 -> squareOfSum_10 [label="T"];
		squareOfSum_9 -> squareOfSum_19 [label="F"];
		squareOfSum_10 -> squareOfSum_11;
		squareOfSum_11 -> squareOfSum_12;
		squareOfSum_12 -> squareOfSum_13;
		squareOfSum_13 -> squareOfSum_14;
		squareOfSum_14 -> squareOfSum_15;
		squareOfSum_15 -> squareOfSum_16;
		squareOfSum_16 -> squareOfSum_17;
		squareOfSum_17 -> squareOfSum_6;
		squareOfSum_19 -> squareOfSum_20;
		squareOfSum_20 -> squareOfSum_21;
		squareOfSum_21 -> squareOfSum_22;
		squareOfSum_22 -> squareOfSum_23;
		squareOfSum_23 -> squareOfSum_24;
	}
	subgraph cluster_main {
		label="main(n: int)";
		rankdir="TB";
		main_0 [label="START", shape="rectangle", style="rounded"];
		main_2 [label="v0 := n", shape="rectangle", style="rounded"];
		main_3 [label="sum := sumOfSquares(v0)", shape="rectangle", style="rounded"];
		main_4 [label="sum := sum", shape="rectangle", style="rounded"];
		main_5 [label="v1 := n", shape="rectangle", style="rounded"];
		main_6 [label="square := squareOfSum(v1)", shape="rectangle", style="rounded"];
		main_7 [label="square := square", shape="rectangle", style="rounded"];
		main_8 [label="v2 := square", shape="rectangle", style="rounded"];
		main_9 [label="v3 := sum", shape="rectangle", style="rounded"];
		main_10 [label="v4 := v2 - v3", shape="rectangle", style="rounded"];
		main_11 [label="diff := v4", shape="rectangle", style="rounded"];
		main_12 [label="v5 := diff", shape="rectangle", style="rounded"];
		main_13 [label="print v5", shape="rectangle", style="rounded"];
		main_14 [label="v6 := 0", shape="rectangle", style="rounded"];
		main_15 [label="v7 := diff", shape="rectangle", style="rounded"];

		main_0 -> main_2;
		main_2 -> main_3;
		main_3 -> main_4;
		main_4 -> main_5;
		main_5 -> main_6;
		main_6 -> main_7;
		main_7 -> main_8;
		main_8 -> main_9;
		main_9 -> main_10;
		main_10 -> main_11;
		main_11 -> main_12;
		main_12 -> main_13;
		main_13 -> main_14;
		main_14 -> main_15;
	}
}
