digraph {
	subgraph cluster_main {
		label="main";
		rankdir="TB";
		main_0 [label="START", shape="ellipse"];
		main_2 [label="v12 := 1", shape="ellipse"];
		main_3 [label="space := v12", shape="ellipse"];
		main_4 [label="v13 := 8", shape="ellipse"];
		main_5 [label="value := v13", shape="ellipse"];
		main_6 [label="v14 := 0", shape="ellipse"];
		main_7 [label="v15 := 1", shape="ellipse"];
		main_8 [label="v16 := v14 - v15", shape="ellipse"];
		main_9 [label="neg_1 := v16", shape="ellipse"];
		main_10 [label="v17 := 0", shape="ellipse"];
		main_11 [label="v18 := 2", shape="ellipse"];
		main_12 [label="v19 := v17 - v18", shape="ellipse"];
		main_13 [label="neg_2 := v19", shape="ellipse"];
		main_14 [label="v21 := 1", shape="ellipse"];
		main_15 [label="j := v21", shape="ellipse"];
		main_16 [label="v22 := j", shape="ellipse"];
		main_17 [label="v23 := neg_1", shape="ellipse"];
		main_18 [label="v24 := v22 >= v23", shape="ellipse"];
		main_19 [label="if v24", shape="ellipse"];
		main_20 [label="v25 := 0", shape="ellipse"];
		main_21 [label="num := v25", shape="ellipse"];
		main_22 [label="v26 := 0", shape="ellipse"];
		main_23 [label="cnt := v26", shape="ellipse"];
		main_24 [label="v28 := neg_2", shape="ellipse"];
		main_25 [label="i := v28", shape="ellipse"];
		main_26 [label="v29 := i", shape="ellipse"];
		main_27 [label="v30 := 0.5", shape="ellipse"];
		main_28 [label="v31 := v29 <= v30", shape="ellipse"];
		main_29 [label="if v31", shape="ellipse"];
		main_30 [label="v32 := i", shape="ellipse"];
		main_31 [label="v33 := j", shape="ellipse"];
		main_32 [label="v34 := 0", shape="ellipse"];
		main_33 [label="v35 := 0", shape="ellipse"];
		main_34 [label="v36 := 0", shape="ellipse"];
		main_35 [label="x := f(v32, v33, v34, v35, v36)", shape="ellipse"];
		main_36 [label="x := x", shape="ellipse"];
		main_37 [label="v38 := x", shape="ellipse"];
		main_38 [label="v39 := 50", shape="ellipse"];
		main_39 [label="v40 := v38 < v39", shape="ellipse"];
		main_40 [label="if v40", shape="ellipse"];
		main_41 [label="v41 := space", shape="ellipse"];
		main_42 [label="v42 := cnt", shape="ellipse"];
		main_43 [label="v := pow10(v41, v42)", shape="ellipse"];
		main_44 [label="v := v", shape="ellipse"];
		main_45 [label="v43 := num", shape="ellipse"];
		main_46 [label="v44 := v", shape="ellipse"];
		main_47 [label="v45 := v43 + v44", shape="ellipse"];
		main_48 [label="num := v45", shape="ellipse"];
		main_50 [label="v46 := value", shape="ellipse"];
		main_51 [label="v47 := cnt", shape="ellipse"];
		main_52 [label="v := pow10(v46, v47)", shape="ellipse"];
		main_53 [label="v := v", shape="ellipse"];
		main_54 [label="v48 := num", shape="ellipse"];
		main_55 [label="v49 := v", shape="ellipse"];
		main_56 [label="v50 := v48 + v49", shape="ellipse"];
		main_57 [label="num := v50", shape="ellipse"];
		main_58 [label="v51 := cnt", shape="ellipse"];
		main_59 [label="v52 := 1", shape="ellipse"];
		main_60 [label="v53 := v51 + v52", shape="ellipse"];
		main_61 [label="cnt := v53", shape="ellipse"];
		main_62 [label="v54 := i", shape="ellipse"];
		main_63 [label="v55 := 0.225", shape="ellipse"];
		main_64 [label="v56 := v54 + v55", shape="ellipse"];
		main_65 [label="i := v56", shape="ellipse"];
		main_67 [label="v57 := num", shape="ellipse"];
		main_68 [label="print v57", shape="ellipse"];
		main_69 [label="v58 := 0", shape="ellipse"];
		main_70 [label="v59 := j", shape="ellipse"];
		main_71 [label="v60 := 0.015", shape="ellipse"];
		main_72 [label="v61 := v59 - v60", shape="ellipse"];
		main_73 [label="j := v61", shape="ellipse"];

		main_0 -> main_2;
		main_2 -> main_3;
		main_3 -> main_4;
		main_4 -> main_5;
		main_5 -> main_6;
		main_6 -> main_7;
		main_7 -> main_8;
		main_8 -> main_9;
		main_9 -> main_10;
		main_10 -> main_11;
		main_11 -> main_12;
		main_12 -> main_13;
		main_13 -> main_14;
		main_14 -> main_15;
		main_15 -> main_16;
		main_16 -> main_17;
		main_17 -> main_18;
		main_18 -> main_19;
		main_19 -> main_20 [label="T"];
		main_20 -> main_21;
		main_21 -> main_22;
		main_22 -> main_23;
		main_23 -> main_24;
		main_24 -> main_25;
		main_25 -> main_26;
		main_26 -> main_27;
		main_27 -> main_28;
		main_28 -> main_29;
		main_29 -> main_30 [label="T"];
		main_29 -> main_67 [label="F"];
		main_30 -> main_31;
		main_31 -> main_32;
		main_32 -> main_33;
		main_33 -> main_34;
		main_34 -> main_35;
		main_35 -> main_36;
		main_36 -> main_37;
		main_37 -> main_38;
		main_38 -> main_39;
		main_39 -> main_40;
		main_40 -> main_41 [label="T"];
		main_40 -> main_50 [label="F"];
		main_41 -> main_42;
		main_42 -> main_43;
		main_43 -> main_44;
		main_44 -> main_45;
		main_45 -> main_46;
		main_46 -> main_47;
		main_47 -> main_48;
		main_48 -> main_58;
		main_50 -> main_51;
		main_51 -> main_52;
		main_52 -> main_53;
		main_53 -> main_54;
		main_54 -> main_55;
		main_55 -> main_56;
		main_56 -> main_57;
		main_57 -> main_58;
		main_58 -> main_59;
		main_59 -> main_60;
		main_60 -> main_61;
		main_61 -> main_62;
		main_62 -> main_63;
		main_63 -> main_64;
		main_64 -> main_65;
		main_65 -> main_26;
		main_67 -> main_68;
		main_68 -> main_69;
		main_69 -> main_70;
		main_70 -> main_71;
		main_71 -> main_72;
		main_72 -> main_73;
		main_73 -> main_16;
	}
	subgraph cluster_f {
		label="f";
		rankdir="TB";
		f_0 [label="START", shape="ellipse"];
		f_2 [label="v0 := x", shape="ellipse"];
		f_3 [label="v1 := x", shape="ellipse"];
		f_4 [label="v2 := v0 * v1", shape="ellipse"];
		f_5 [label="v3 := y", shape="ellipse"];
		f_6 [label="v4 := y", shape="ellipse"];
		f_7 [label="v5 := v3 * v4", shape="ellipse"];
		f_8 [label="v6 := v2 + v5", shape="ellipse"];
		f_9 [label="r := v6", shape="ellipse"];
		f_10 [label="v8 := r", shape="ellipse"];
		f_11 [label="v9 := 4", shape="ellipse"];
		f_12 [label="v10 := v8 < v9", shape="ellipse"];
		f_13 [label="if v10", shape="ellipse"];
		f_14 [label="v12 := n", shape="ellipse"];
		f_15 [label="v13 := 100", shape="ellipse"];
		f_16 [label="v14 := v12 < v13", shape="ellipse"];
		f_17 [label="if v14", shape="ellipse"];
		f_18 [label="v15 := x", shape="ellipse"];
		f_19 [label="v16 := x", shape="ellipse"];
		f_20 [label="v17 := v15 * v16", shape="ellipse"];
		f_21 [label="v18 := y", shape="ellipse"];
		f_22 [label="v19 := y", shape="ellipse"];
		f_23 [label="v20 := v18 * v19", shape="ellipse"];
		f_24 [label="v21 := v17 - v20", shape="ellipse"];
		f_25 [label="v22 := X", shape="ellipse"];
		f_26 [label="v23 := v21 + v22", shape="ellipse"];
		f_27 [label="x2 := v23", shape="ellipse"];
		f_28 [label="v24 := 2", shape="ellipse"];
		f_29 [label="v25 := x", shape="ellipse"];
		f_30 [label="v26 := v24 * v25", shape="ellipse"];
		f_31 [label="v27 := y", shape="ellipse"];
		f_32 [label="v28 := v26 * v27", shape="ellipse"];
		f_33 [label="v29 := Y", shape="ellipse"];
		f_34 [label="v30 := v28 + v29", shape="ellipse"];
		f_35 [label="y2 := v30", shape="ellipse"];
		f_36 [label="v31 := 1", shape="ellipse"];
		f_37 [label="v32 := X", shape="ellipse"];
		f_38 [label="v33 := Y", shape="ellipse"];
		f_39 [label="v34 := x2", shape="ellipse"];
		f_40 [label="v35 := y2", shape="ellipse"];
		f_41 [label="v36 := n", shape="ellipse"];
		f_42 [label="v37 := 1", shape="ellipse"];
		f_43 [label="v38 := v36 + v37", shape="ellipse"];
		f_44 [label="v39 := f(v32, v33, v34, v35, v38)", shape="ellipse"];
		f_45 [label="v40 := v31 + v39", shape="ellipse"];
		f_46 [label="fv := v40", shape="ellipse"];
		f_47 [label="v41 := fv", shape="ellipse"];
		f_48 [label="return v41", shape="ellipse"];
		f_51 [label="v42 := 0", shape="ellipse"];
		f_52 [label="return v42", shape="ellipse"];

		f_0 -> f_2;
		f_2 -> f_3;
		f_3 -> f_4;
		f_4 -> f_5;
		f_5 -> f_6;
		f_6 -> f_7;
		f_7 -> f_8;
		f_8 -> f_9;
		f_9 -> f_10;
		f_10 -> f_11;
		f_11 -> f_12;
		f_12 -> f_13;
		f_13 -> f_14 [label="T"];
		f_13 -> f_51 [label="F"];
		f_14 -> f_15;
		f_15 -> f_16;
		f_16 -> f_17;
		f_17 -> f_18 [label="T"];
		f_17 -> f_51 [label="F"];
		f_18 -> f_19;
		f_19 -> f_20;
		f_20 -> f_21;
		f_21 -> f_22;
		f_22 -> f_23;
		f_23 -> f_24;
		f_24 -> f_25;
		f_25 -> f_26;
		f_26 -> f_27;
		f_27 -> f_28;
		f_28 -> f_29;
		f_29 -> f_30;
		f_30 -> f_31;
		f_31 -> f_32;
		f_32 -> f_33;
		f_33 -> f_34;
		f_34 -> f_35;
		f_35 -> f_36;
		f_36 -> f_37;
		f_37 -> f_38;
		f_38 -> f_39;
		f_39 -> f_40;
		f_40 -> f_41;
		f_41 -> f_42;
		f_42 -> f_43;
		f_43 -> f_44;
		f_44 -> f_45;
		f_45 -> f_46;
		f_46 -> f_47;
		f_47 -> f_48;
		f_51 -> f_52;
	}
	subgraph cluster_pow10 {
		label="pow10";
		rankdir="TB";
		pow10_0 [label="START", shape="ellipse"];
		pow10_2 [label="v1 := e", shape="ellipse"];
		pow10_3 [label="i := v1", shape="ellipse"];
		pow10_4 [label="v2 := i", shape="ellipse"];
		pow10_5 [label="v3 := 0", shape="ellipse"];
		pow10_6 [label="v4 := v2 > v3", shape="ellipse"];
		pow10_7 [label="if v4", shape="ellipse"];
		pow10_8 [label="v5 := n", shape="ellipse"];
		pow10_9 [label="v6 := 10", shape="ellipse"];
		pow10_10 [label="v7 := v5 * v6", shape="ellipse"];
		pow10_11 [label="n := v7", shape="ellipse"];
		pow10_12 [label="v8 := i", shape="ellipse"];
		pow10_13 [label="v9 := 1", shape="ellipse"];
		pow10_14 [label="v10 := v8 - v9", shape="ellipse"];
		pow10_15 [label="i := v10", shape="ellipse"];
		pow10_17 [label="v11 := n", shape="ellipse"];
		pow10_18 [label="return v11", shape="ellipse"];

		pow10_0 -> pow10_2;
		pow10_2 -> pow10_3;
		pow10_3 -> pow10_4;
		pow10_4 -> pow10_5;
		pow10_5 -> pow10_6;
		pow10_6 -> pow10_7;
		pow10_7 -> pow10_8 [label="T"];
		pow10_7 -> pow10_17 [label="F"];
		pow10_8 -> pow10_9;
		pow10_9 -> pow10_10;
		pow10_10 -> pow10_11;
		pow10_11 -> pow10_12;
		pow10_12 -> pow10_13;
		pow10_13 -> pow10_14;
		pow10_14 -> pow10_15;
		pow10_15 -> pow10_4;
		pow10_17 -> pow10_18;
	}
}
