digraph {
	subgraph cluster_foo {
		label="foo(a: int, b: int, c: int)";
		rankdir="TB";
		foo_0 [label="START", shape="rectangle", style="rounded"];
		foo_2 [label="x := a + b\ny := x * c\nreturn y", shape="rectangle", style="rounded"];

		foo_0 -> foo_2;
	}
	subgraph cluster_bar {
		label="bar(g: int, f: int)";
		rankdir="TB";
		bar_0 [label="START", shape="rectangle", style="rounded"];
		bar_2 [label="print g\nprint f\n", shape="rectangle", style="rounded"];

		bar_0 -> bar_2;
	}
	subgraph cluster_main {
		label="main()";
		rankdir="TB";
		main_0 [label="START", shape="rectangle", style="rounded"];
		main_2 [label="a := 10\nb := 20\nc := 5\nd := foo(a, b, c)\nbar(d, d)\n", shape="rectangle", style="rounded"];

		main_0 -> main_2;
	}
}
