0
1
2
3
4
5
6
7
8
9
10
11
12
13
14
15
16
17
18
19
20
0
3
6
9
12
15
18
21
24
27
30
33
36
39
42
45
48
51
54
57
60
0
5
10
15
20
25
30
35
40
45
50
55
60
65
70
75
80
85
90
95
100
0
7
14
21
28
35
42
49
56
63
70
77
84
91
98
105
112
119
126
133
140
0
9
18
27
36
45
54
63
72
81
90
99
108
117
126
135
144
153
162
171
180
0
11
22
33
44
55
66
77
88
99
110
121
132
143
154
165
176
187
198
209
220
0
13
26
39
52
65
78
91
104
117
130
143
156
169
182
195
208
221
234
247
260
0
15
30
45
60
75
90
105
120
135
150
165
180
195
210
225
240
255
270
285
300
0
17
34
51
68
85
102
119
136
153
170
187
204
221
238
255
272
289
306
323
340
0
19
38
57
76
95
114
133
152
171
190
209
228
247
266
285
304
323
342
361
380
